// Jest Snapshot v1, https://goo.gl/fbAQLP

exports[`Zero should render correctly 1`] = `
<div>
  <label>
    Session ID:
    <input />
  </label>
  <button
    onClick={[Function]}
    type="button"
  >
    Observe
  </button>
  <div />
  <div />
</div>
`;
