// Jest Snapshot v1, https://goo.gl/fbAQLP

exports[`Home should render correctly 1`] = `
<h1>
  Welcome to the recognition world
</h1>
`;
