// Jest Snapshot v1, https://goo.gl/fbAQLP

exports[`Zeroth should render correctly 1`] = `
<div>
  <h1>
    Task 0
     
    <small
      className="text-muted"
    >
      WebSocket conversation
    </small>
  </h1>
  <Row
    noGutters={false}
  >
    <Col
      lg={6}
      xs={12}
    >
      <Form
        inline={false}
      >
        <FormRow
          className="justify-content-md-center"
        >
          <Col
            xs={8}
          >
            <FormControl
              placeholder="Session ID"
            />
          </Col>
          <Col
            xs={4}
          >
            <Button
              active={false}
              disabled={false}
              onClick={[Function]}
              type="button"
              variant="primary"
            >
              Observe
            </Button>
          </Col>
        </FormRow>
      </Form>
    </Col>
  </Row>
  <Row
    className="mt-3"
    noGutters={false}
  >
    <Col>
      <WSTable
        messages={Array []}
        sessionId=""
      />
    </Col>
  </Row>
</div>
`;
