// Jest Snapshot v1, https://goo.gl/fbAQLP

exports[`First should render correctly 1`] = `
<div>
  <h2>
    The first task
  </h2>
  <FirstA />
</div>
`;
